// Vitest Snapshot v1, https://vitest.dev/guide/snapshot.html

exports[`Conversational FormExport > Component structure > should match snapshot 1`] = `
<section
  class="conversational-export-form"
  data-testid="conversational-export-form"
  data-v-0721d1b7=""
>
  <header
    data-v-0721d1b7=""
  >
    <p
      class="conversational-export-form__description"
      data-testid="conversational-export-form-description"
      data-v-0721d1b7=""
    >
      export_data.description
    </p>
  </header>
  <section
    class="conversational-export-form__content"
    data-testid="conversational-export-form-content"
    data-v-0721d1b7=""
  >
    <export-filter-date-stub
      data-testid="conversational-export-filter-date"
      data-v-0721d1b7=""
      label="export_data.select_data.label"
      maxdate="2025-10-29"
      modelvalue="[object Object]"
      options="[object Object]"
      placeholder="export_data.select_period.placeholder"
    />
    <form-checkbox-stub
      data-testid="conversational-form-checkbox-component"
      data-v-0721d1b7=""
    />
    <export-footer-stub
      acceptterms="[object Object]"
      accepttermstext="export_data.accept_terms"
      data-testid="conversational-export-footer"
      data-v-0721d1b7=""
      formatlabel="export_data.select_format"
      selectedformat=".xlsx"
      warningtermstext="export_data.warning_terms"
    />
  </section>
</section>
`;
