// Vitest Snapshot v1, https://vitest.dev/guide/snapshot.html

exports[`ModalRemoveWidget > Component structure > should match snapshot 1`] = `
<div
  class="modal-remove-widget"
  data-testid="modal-remove-widget"
  data-v-1d7c4579=""
  icon="warning"
  modelvalue="true"
  primarybuttonprops="[object Object]"
  secondarybuttonprops="[object Object]"
  showcloseicon=""
  size="sm"
  title="conversations_dashboard.customize_your_dashboard.modal_remove_widget.title {"type":"CSAT"}"
  type="warning"
>
  
  <p
    class="modal-remove-widget__description"
    data-testid="modal-remove-widget-description"
    data-v-1d7c4579=""
  >
    conversations_dashboard.customize_your_dashboard.modal_remove_widget.description {"type":"CSAT"}
  </p>
  
</div>
`;
