// Vitest Snapshot v1, https://vitest.dev/guide/snapshot.html

exports[`SeeAllDrawer > Component structure > should match snapshot 1`] = `
<div
  class="see-all-drawer"
  data-testid="see-all-drawer"
  modelvalue="true"
  size="lg"
  title="CUSTOM"
>
  
  <progress-table-stub
    data-testid="see-all-drawer-table"
    isloading="false"
    progressitems="[object Object],[object Object],[object Object]"
  />
  
</div>
`;
