// Vitest Snapshot v1, https://vitest.dev/guide/snapshot.html

exports[`ReportView > Snapshot Testing > should match the snapshot 1`] = `
<section
  class="report"
  data-v-165a0c11=""
>
  <!--v-if-->
</section>
`;
