// Vitest Snapshot v1, https://vitest.dev/guide/snapshot.html

exports[`InsightsLayout > matches snapshot 1`] = `
<section
  class="insights-layout"
  data-v-abe5f7dc=""
>
  <insights-layout-header-stub
    data-v-abe5f7dc=""
  />
  <!--v-if-->
</section>
`;
