// Vitest Snapshot v1, https://vitest.dev/guide/snapshot.html

exports[`CheckboxList > should render label and list 1`] = `
<ol
  data-v-2e73b81b=""
>
  <p
    class="unnnic-label__label"
    data-testid="checkbox-list-label"
    data-v-2e73b81b=""
  >
    Label
  </p>
  <section
    class="checkbox-list"
    data-v-2e73b81b=""
  >
    
    <li
      class="checkbox-list__checkbox"
      data-v-2e73b81b=""
    >
      <div
        class="unnnic-checkbox-wrapper"
        data-testid="checkbox"
        data-v-2e73b81b=""
        data-v-dd1b9fa3=""
      >
        <svg
          class="unnnic-icon unnnic-icon__size--md unnnic-icon-scheme--neutral-clean unnnic-checkbox disabled"
          data-testid="old-map-icons"
          data-v-76ceda5d=""
          data-v-dd1b9fa3=""
          fill="none"
          height="40"
          viewBox="0 0 40 40"
          width="40"
          xmlns="http://www.w3.org/2000/svg"
        >
          <rect
            class="primary"
            fill="#3B414D"
            height="30"
            rx="4"
            width="30"
            x="5"
            y="5.00049"
          />
        </svg>
        <div
          class="unnnic-checkbox__label unnnic-checkbox__label__right unnnic-checkbox__label__md"
          data-testid="checkbox-text-right"
          data-v-dd1b9fa3=""
        >
          Check 1
        </div>
      </div>
    </li>
    <li
      class="checkbox-list__checkbox"
      data-v-2e73b81b=""
    >
      <div
        class="unnnic-checkbox-wrapper"
        data-testid="checkbox"
        data-v-2e73b81b=""
        data-v-dd1b9fa3=""
      >
        <svg
          class="unnnic-icon unnnic-icon__size--md unnnic--clickable unnnic-icon-scheme--neutral-clean unnnic-checkbox"
          data-testid="old-map-icons"
          data-v-76ceda5d=""
          data-v-dd1b9fa3=""
          fill="none"
          height="40"
          viewBox="0 0 40 40"
          width="40"
          xmlns="http://www.w3.org/2000/svg"
        >
          <rect
            class="primary-stroke"
            height="29"
            rx="3.5"
            stroke="#3B414D"
            width="29"
            x="5.5"
            y="5.50049"
          />
        </svg>
        <div
          class="unnnic-checkbox__label unnnic-checkbox__label__right unnnic-checkbox__label__md"
          data-testid="checkbox-text-right"
          data-v-dd1b9fa3=""
        >
          Check 2
        </div>
      </div>
    </li>
    <li
      class="checkbox-list__checkbox"
      data-v-2e73b81b=""
    >
      <div
        class="unnnic-checkbox-wrapper"
        data-testid="checkbox"
        data-v-2e73b81b=""
        data-v-dd1b9fa3=""
      >
        <svg
          class="unnnic-icon unnnic-icon__size--md unnnic--clickable unnnic-icon-scheme--brand-weni unnnic-checkbox"
          data-testid="old-map-icons"
          data-v-76ceda5d=""
          data-v-dd1b9fa3=""
          fill="none"
          height="40"
          viewBox="0 0 40 40"
          width="40"
          xmlns="http://www.w3.org/2000/svg"
        >
          <rect
            class="primary"
            fill="#3B414D"
            height="30"
            rx="4"
            width="30"
            x="5"
            y="5.00049"
          />
          <path
            clip-rule="evenodd"
            d="M13.0626 19.6981L17.0001 23.9295L26.9376 13.2504L28.2501 14.6608L17.0001 26.7504L11.7501 21.1086L13.0626 19.6981Z"
            fill="white"
            fill-rule="evenodd"
          />
        </svg>
        <div
          class="unnnic-checkbox__label unnnic-checkbox__label__right unnnic-checkbox__label__md"
          data-testid="checkbox-text-right"
          data-v-dd1b9fa3=""
        >
          Check 3
        </div>
      </div>
    </li>
    
  </section>
</ol>
`;
