// Vitest Snapshot v1, https://vitest.dev/guide/snapshot.html

exports[`FormAccordion.vue > should match the snapshot 1`] = `
<div
  class="unnnic-collapse unnnic-collapse--size-lg form-accordion"
  data-test-id="form-accordion"
  data-testid="collapse"
  data-v-085a4372=""
  data-v-1f77973f=""
>
  <div
    class="unnnic-collapse__header"
    data-testid="collapse-header"
    data-v-1f77973f=""
  >
    
    
    <header
      class="form-accordion__header"
      data-v-085a4372=""
    >
      <unnnic-icon-stub
        clickable="false"
        data-test-id="check_circle"
        data-v-085a4372=""
        filled="true"
        icon="check_circle"
        next="false"
        scheme="neutral-soft"
        size="avatar-nano"
      />
       
    </header>
    
    <unnnic-icon-stub
      clickable="false"
      data-v-1f77973f=""
      filled="false"
      icon="arrow-button-down-1"
      next="false"
      scheme="neutral-cloudy"
      size="xs"
    />
  </div>
  <div
    class="unnnic-collapse__body"
    data-v-1f77973f=""
    style="display: none;"
  >
    
    
    <div
      class="slot-content"
    >
      Slot Content
    </div>
    
    
  </div>
</div>
`;
