// Vitest Snapshot v1, https://vitest.dev/guide/snapshot.html

exports[`ConversationalExport > Component structure > should match snapshot 1`] = `
<section
  class="modal-export-data"
  data-testid="modal-export-data"
  data-v-b7434839=""
>
  <div
    class="export-data-tooltip"
    data-testid="export-data-tooltip"
    data-v-8c61d974=""
    data-v-b7434839=""
  >
    
    <unnnic-button-stub
      data-testid="export-data-button"
      data-v-b7434839=""
      disabled="false"
      loading="[object Object]"
      size="large"
      text="Export Data"
      type="secondary"
    />
    
    <span
      class="unnnic-tooltip-label unnnic-tooltip-label-left"
      data-testid="tooltip-label"
      data-v-8c61d974=""
      style="display: none; left: -8px; top: 0px;"
    >
      
      
      Tooltip text 
      <br
        data-v-8c61d974=""
      />
      
      
      <!---->
    </span>
  </div>
  <unnnic-modal-dialog-stub
    class="finish-onboarding-modal"
    data-testid="modal-dialog"
    data-v-b7434839=""
    modelvalue="[object Object]"
    primarybuttonprops="[object Object]"
    secondarybuttonprops="[object Object]"
    showactionsdivider=""
    showcloseicon=""
    size="lg"
    title="Export Data"
  />
  <unnnic-modal-dialog-stub
    class="finish-onboarding-modal"
    data-testid="modal-dialog-feedback"
    data-v-b7434839=""
    modelvalue="[object Object]"
    showcloseicon=""
    size="md"
    title="Success"
    type="success"
  />
</section>
`;
